// Jest Snapshot v1, https://goo.gl/fbAQLP

exports[`HeaderComponent Header renders correctly 1`] = `
<header
  className="header"
>
  <div
    className="container"
  >
    <h1
      className="h1"
    >
      FILMS
    </h1>
    <form
      action=""
      onSubmit={[Function]}
    >
      <input
        autoComplete="false"
        className="searchField"
        id="searchField"
        placeholder="search"
        tabIndex="0"
        type="search"
      />
      <input
        className="btnSearch"
        onClick={[Function]}
        type="button"
        value="âš²"
      />
    </form>
  </div>
</header>
`;
