// Jest Snapshot v1, https://goo.gl/fbAQLP

exports[`ListMovies renders correctly with empty Array results 1`] = `
<h2>
  Ooops
</h2>
`;

exports[`ListMovies renders correctly with fill Array results 1`] = `
Array [
  <article
    className="movieContainer"
    id={299534}
  >
    <figure>
      <div>
        <img
          alt="Avengers: Endgame"
          src="https://api.ballotpedia.org/v3/thumbnail/"
        />
      </div>
      <figcaption>
        <div
          className="movieTitle"
        >
          <button
            href="#"
            id="movieTitle"
            onClick={[Function]}
            onKeyDown={[Function]}
            tabIndex="0"
            type="button"
          >
            Avengers: Endgame
          </button>
          <span>
            8.6
          </span>
        </div>
        <div
          className="movieGenres"
        >
          <ul>
            <li>
              <button
                onClick={[Function]}
                onKeyDown={[Function]}
                type="button"
              >
                Adventure, 
              </button>
            </li>
            <li>
              <button
                onClick={[Function]}
                onKeyDown={[Function]}
                type="button"
              >
                Science Fiction, 
              </button>
            </li>
            <li>
              <button
                onClick={[Function]}
                onKeyDown={[Function]}
                type="button"
              >
                Action
              </button>
            </li>
          </ul>
        </div>
      </figcaption>
    </figure>
    <hoverMovieCard
      fetchVideo={[Function]}
      genres={
        Array [
          <li>
            <button
              onClick={[Function]}
              onKeyDown={[Function]}
              type="button"
            >
              Adventure, 
            </button>
          </li>,
          <li>
            <button
              onClick={[Function]}
              onKeyDown={[Function]}
              type="button"
            >
              Science Fiction, 
            </button>
          </li>,
          <li>
            <button
              onClick={[Function]}
              onKeyDown={[Function]}
              type="button"
            >
              Action
            </button>
          </li>,
        ]
      }
      movies={Object {}}
      overview="After the devastating events of Avengers: Infinity War, the universe is in ruins due to the efforts of the Mad Titan, Thanos. With the help of remaining allies, the Avengers must assemble once more in order to undo Thanos' actions and restore order to the universe once and for all, no matter what consequences may be in store."
      rate={8.6}
      title="Avengers: Endgame"
    />
  </article>,
]
`;
