// Jest Snapshot v1, https://goo.gl/fbAQLP

exports[`MainFilmTitle renders correctly 1`] = `
<div
  className="mainFilmTitle"
>
  <h2
    className="filmTitle"
  >
    Brightburn
  </h2>
  <div
    className="genres"
  >
    <ul />
  </div>
  <Star
    rate={7.5}
  />
</div>
`;
